// Jest Snapshot v1, https://goo.gl/fbAQLP

exports[`AlertsOverview renders and matches the snapshot 1`] = `
<div>
  <div
    class="MuiBox-root css-i9gxme"
  >
    <header
      class="MuiPaper-root MuiPaper-elevation MuiPaper-elevation4 MuiAppBar-root MuiAppBar-colorPrimary MuiAppBar-positionRelative css-q8h8ku-MuiPaper-root-MuiAppBar-root"
    >
      <div
        class="MuiToolbar-root MuiToolbar-gutters MuiToolbar-regular css-1t29gy6-MuiToolbar-root"
      >
        <div
          class="MuiTypography-root MuiTypography-h5 css-1f8a19r-MuiTypography-root"
        >
          Alerts
        </div>
      </div>
    </header>
  </div>
</div>
`;
